MAP


 NAME "VisorPatoGIS"
 SIZE 500 350
 IMAGECOLOR 255 255 255
 IMAGETYPE png
 OUTPUTFORMAT
   NAME "png"
   DRIVER AGG/PNG
   MIMETYPE "image/png"
   IMAGEMODE RGBA
   EXTENSION "png"
   FORMATOPTION "GAMMA=0.75"
   TRANSPARENT ON
 END
#PROJECTION
#  "init=epsg:4326"
#  "init=epsg:3857"
#  END
 EXTENT -71.014740 -45.019310 -45.446885 -27.988302
 SYMBOLSET "symbols/symbols.sym"
 FONTSET "data/fonts/fonts.list"
CONFIG  "MS_ERRORFILE" "/tmp/mapserver.log"

#-----------------------------------------------------------------------------------------------------------
 LAYER
 CONNECTIONTYPE postgis
 NAME "partidos"
 CONNECTION "user=postgres dbname=patoGis host=localhost password=atlas"
 DATA "the_geom from departamento"
 STATUS ON
 TYPE polygon
CLASS
style
 SYMBOL 0
 COLOR 0 255 0
 OUTLINECOLOR 0 0 0
end
 END
 END
#-----------------------------------------------------------------------------------------------------------
 LAYER
 CONNECTIONTYPE postgis
 NAME "rutas"
 CONNECTION "user=postgres dbname=patoGis host=localhost password=atlas"
 DATA "the_geom from ruta"
 STATUS ON
 TYPE LINE
 CLASS
 EXPRESSION ("[tipo_ruta]" == "Nacional")
 COLOR 100 255 100
 END
 CLASS
 EXPRESSION ("[tipo_ruta]" == "Provincial")
 COLOR 180 255 180
 END
 END
#-----------------------------------------------------------------------------------------------------------
 LAYER
 CONNECTIONTYPE postgis
 NAME "localidades"
 CONNECTION "user=postgres dbname=patoGis host=localhost password=atlas"
 LABELITEM "localidad"
 DATA "the_geom from localidad"
 STATUS ON
 TYPE POINT
 CLASS
 EXPRESSION ("[tipo]" == "LOCALIDAD")
 style
 SIZE 3
 COLOR 0 0 0
 SYMBOL "punkt"
 end
 LABEL
 COLOR 132 31 31
 SHADOWCOLOR 218 218 218
 SHADOWSIZE 2 2
 TYPE TRUETYPE
 FONT arial
 SIZE 8
 ANTIALIAS TRUE
 POSITION CL
 PARTIALS true
 MINDISTANCE 120
 BUFFER 4
 END # end of label
 END
 CLASS
 EXPRESSION ("[tipo]" == "CABECERA DE DEPARTAMENTO")
 style
 SIZE 5
 COLOR 0 0 0
 SYMBOL "punkt"
 end
 LABEL
 COLOR 132 31 31
 SHADOWCOLOR 218 218 218
 SHADOWSIZE 2 2
 TYPE TRUETYPE
 FONT arial
 SIZE 8
 ANTIALIAS TRUE
 POSITION CL
 PARTIALS true
 MINDISTANCE 80
 BUFFER 4
 END # end of label
 END
 CLASS
 EXPRESSION ("[tipo]" == "CAPITAL DE NACION")
 style
size 7
 COLOR 255 128 0
 SYMBOL "stern"
 end
 LABEL
 COLOR 132 31 31
 SHADOWCOLOR 218 218 218
 SHADOWSIZE 2 2
 TYPE TRUETYPE
 FONT arial
 SIZE 8
 ANTIALIAS TRUE
 POSITION CL
 PARTIALS true
 FORCE TRUE
 MINDISTANCE 80
 BUFFER 4
 END # end of label
 END
 CLASS
 EXPRESSION ("[tipo]" == "CAPITAL DE PROVINCIA")
 style
size 7
 COLOR 255 128 0
 SYMBOL "achteck"
 end
 LABEL
 COLOR 132 31 31
 SHADOWCOLOR 218 218 218
 SHADOWSIZE 2 2
 TYPE TRUETYPE
 FONT arial
 SIZE 8
 ANTIALIAS TRUE
 POSITION CL
 PARTIALS true
 PARTIALS true
 MINDISTANCE 80
 BUFFER 4
 END # end of label
 END
 END
#---------------------------------------------
 LAYER
METADATA
    'especie_validation_pattern' '.*'
    'default_especie' '%'
END

  CONNECTIONTYPE postgis
   NAME "obsEspecie"
    LABELITEM "cantidad"
     CONNECTION "user=postgres dbname=patoGis host=localhost password=atlas"
      DATA "coordenadas from (select cl.id, cl.coordenadas coordenadas, sum(cantidad) cantidad, especie.nombre nombreEspecie
                                                                                         from coordenadasLaguna cl,
                                                                                              ubicacion,
                                                                                              observacion_especie,
                                                                                              especie,
 										observacion
                                                                                        where ubicacion.id=cl.id
                                                                                          AND observacion.id_ubicacion=ubicacion.id
                                                                                          and observacion_especie.id_observacion=observacion.id
                                                                                          and observacion_especie.id_especie=especie.id
                                                                                        group by especie.nombre, cl.id, cl.coordenadas ) as subquery using unique id"
FILTER "nombreEspecie ilike '%especie%'"
 STATUS ON
 TYPE POINT
 CLASS
 style
 size 8
 SYMBOL "punkt"
 end
 COLOR 255 255 0
 LABEL
 COLOR 31 31 31
 SHADOWCOLOR 218 218 218
 SHADOWSIZE 2 2
 TYPE TRUETYPE
 FONT arial
 SIZE 8
 ANTIALIAS TRUE
 POSITION CL
 PARTIALS true
 MINDISTANCE 80
 BUFFER 4
 END # end of label
 END
 END

#-----------------------------------------------------------------------------------------------------------
 LAYER
 CONNECTIONTYPE postgis
 NAME "hidrografia"
 CONNECTION "user=postgres dbname=patoGis host=localhost password=atlas"
 DATA "the_geom from hidrografia"
 STATUS ON
 TYPE line
 # Of the lines in the extents, only render the wide highways
 # FILTER "type = 'highway' and numlanes >= 4"
 CLASS
  COLOR 128 128 255 
 END
 END
#-----------------------------------------------------------------------------------------------------------
 LAYER
 CONNECTIONTYPE postgis
 NAME "clima"
 CONNECTION "user=postgres dbname=patoGis host=localhost password=atlas"
 DATA "the_geom from clima"
 STATUS ON
 TYPE polygon
CLASS
 STYLE
 SYMBOL "lleno"
 SIZE 8
 COLOR 0 255 0
 OUTLINECOLOR 0 0 0
 END
 END
 END
#-----------------------------------------------------------------------------------------------------------
 LAYER
 CONNECTIONTYPE postgis
 NAME "vegetacion"
 CONNECTION "user=postgres dbname=patoGis host=localhost password=atlas"
 DATA "the_geom from vegetacion"
 STATUS ON
 TYPE polygon
CLASS
 STYLE
 SYMBOL "lleno"
 SIZE 8
 COLOR 0 255 255
 OUTLINECOLOR 0 0 0
 END
 END
 END
#-----------------------------------------------------------------------------------------------------------
 LAYER
 CONNECTIONTYPE postgis
 NAME "lagunas"
 LABELITEM "nombre"
 CONNECTION "user=postgres dbname=patoGis host=localhost password=atlas"
 DATA "coordenadas from (select cl.id, cl.coordenadas coordenadas, g.nombre from coordenadasLaguna cl, ubicacion g where g.id=cl.id) as subquery using unique id"
 STATUS ON
 TYPE POINT
 CLASS
 style
 size 8
 SYMBOL "haus"
 end
 COLOR 255 0 255
 LABEL
 COLOR 31 31 31
 SHADOWCOLOR 218 218 218
 SHADOWSIZE 2 2
 TYPE TRUETYPE
 FONT arial
 SIZE 8
 ANTIALIAS TRUE
 POSITION CL
 PARTIALS true
 MINDISTANCE 80
 BUFFER 4
 END # end of label
 END
 END
 
#-----------------------------------------------------------------------------------------------------------
 LAYER
  CONNECTIONTYPE postgis
   NAME "obsPartido"
    LABELITEM "cantidad"
     CONNECTION "user=postgres dbname=patoGis host=localhost password=atlas"
      DATA "the_geom from (select g.gid, g.the_geom, (100||' '|| obs.cantidad*10 ||' '|| 100) color, obs.cantidad from departamento g,(select count(*) cantidad,
                                                                                              departamento.gid
                                                                                         from observacion,
                                                                                              departamento,
                                                                                              coordenadasLaguna cl,
                                                                                              ubicacion
                                                                                        where ubicacion.id=cl.id
                                                                                          AND observacion.id_ubicacion=ubicacion.id
                                                                                          and ST_Contains(departamento.the_geom,cl.coordenadas)
                                                                                        group by departamento.gid  )obs where obs.gid=g.gid) as subquery using unique gid"
       STATUS on
        TYPE polygon
     CLASS
style
 SYMBOL 0
 COLOR [color]
 OUTLINECOLOR 0 0 0
end
 END
end
 END
#-----------------------------------------------------------------------------------------------------------
 LAYER
 NAME "AreaDeInteres"
 DATA "/var/www/Visor/capas/AreaDeInteres"
 STATUS ON
 TYPE polygon
CLASS
 STYLE
 SYMBOL 0
 COLOR 0 255 255
 OUTLINECOLOR 0 0 0
 END
 END
 END
#-----------------------------------------------------------------------------------------------------------                                                         
#-----------------------------------------------------------------------------------------------------------
 LAYER
 NAME "AreasHabilitadasParaCaza"
 DATA "/var/www/Visor/capas/AreasHabilitadasParaCaza"
 STATUS ON
 TYPE polygon
CLASS
 STYLE
 SYMBOL 0
 COLOR 255 0 255
 OUTLINECOLOR 0 0 0
 END
 END
 END
#-----------------------------------------------------------------------------------------------------------    
 LAYER
 NAME "PuntosDeMuestreo"
 DATA "/var/www/Visor/capas/PuntosDeMuestreo"
 STATUS ON
 TYPE point
CLASS
 STYLE
 SYMBOL "haus"
 size 8
 COLOR 255 255 0
 OUTLINECOLOR 0 0 0
 END
 END
 END

#-----------------------------------------------------------------------------------------------------------
 LAYER
 NAME "ComplejosDeTurismoCinegetico"
 DATA "/var/www/Visor/capas/ComplejosDeTurismoCinegetico"
 STATUS ON
 TYPE point
CLASS
 STYLE
 SYMBOL "haus"
 size 8
 COLOR 255 255 0
 OUTLINECOLOR 0 0 0
 END
 END
 END
#-----------------------------------------------------------------------------------------------------------    
#-----------------------------------------------------------------------------------------------------------
 LAYER
 NAME "ZonasPropuestasDeMonitoreo"
 DATA "/var/www/Visor/capas/ZonasPropuestasDeMonitoreo"
 STATUS ON
 TYPE polygon
CLASS
 STYLE
 SYMBOL 0
 COLOR 128 255 255
 OUTLINECOLOR 0 0 0
 END
 END
 END
#-----------------------------------------------------------------------------------------------------------    



END
