MAP
 NAME "VisorPatoGIS"
 SIZE 500 350
 IMAGECOLOR 255 255 255
 IMAGETYPE png
 OUTPUTFORMAT
   NAME "png"
     DRIVER AGG/PNG
       MIMETYPE "image/png"
         IMAGEMODE RGB
           EXTENSION "png"
             FORMATOPTION "GAMMA=0.75"
             TRANSPARENT ON
             END
#PROJECTION
#  "init=epsg:4031"
#  END
 EXTENT -71.014740 -45.019310 -45.446885 -27.988302
 SYMBOLSET "symbols/symbols.sym"
 FONTSET "data/fonts/fonts.list"
#-----------------------------------------------------------------------------------------------------------
 LAYER
 CONNECTIONTYPE postgis
 NAME "partidos"
 CONNECTION "user=postgres dbname=patoGis host=localhost password=atlas"
 DATA "the_geom from departamento"
 STATUS ON
 TYPE polygon
 CLASS
  STYLE
   SYMBOL "lleno"
   SIZE 8
   COLOR 220 220 220
   OUTLINECOLOR 0 0 0
  END
 END
 END
#-----------------------------------------------------------------------------------------------------------
 LAYER
 CONNECTIONTYPE postgis
 NAME "rutas"
 CONNECTION "user=postgres dbname=patoGis host=localhost password=atlas"
 DATA "the_geom from ruta"
 STATUS ON
 TYPE LINE
 CLASS
 EXPRESSION ("[tipo_ruta]" == "Nacional")
 COLOR 100 255 100
 END
 CLASS
 EXPRESSION ("[tipo_ruta]" == "Provincial")
 COLOR 180 255 180
 END
 END
#-----------------------------------------------------------------------------------------------------------
 LAYER
 CONNECTIONTYPE postgis
 NAME "localidades"
 CONNECTION "user=postgres dbname=patoGis host=localhost password=atlas"
 LABELITEM "localidad"
 DATA "the_geom from localidad"
 STATUS ON
 TYPE POINT
 CLASS
 EXPRESSION ("[tipo]" == "LOCALIDAD")
 style
 SIZE 3
 COLOR 0 0 0
 SYMBOL "punkt"
 end
 LABEL
 COLOR 132 31 31
 SHADOWCOLOR 218 218 218
 SHADOWSIZE 2 2
 TYPE TRUETYPE
 FONT arial
 SIZE 8
 ANTIALIAS TRUE
 POSITION CL
 PARTIALS true
 MINDISTANCE 120
 BUFFER 4
 END # end of label
 END
 CLASS
 EXPRESSION ("[tipo]" == "CABECERA DE DEPARTAMENTO")
 style
 SIZE 5
 COLOR 0 0 0
 SYMBOL "punkt"
 end
 LABEL
 COLOR 132 31 31
 SHADOWCOLOR 218 218 218
 SHADOWSIZE 2 2
 TYPE TRUETYPE
 FONT arial
 SIZE 8
 ANTIALIAS TRUE
 POSITION CL
 PARTIALS true
 MINDISTANCE 80
 BUFFER 4
 END # end of label
 END
 CLASS
 EXPRESSION ("[tipo]" == "CAPITAL DE NACION")
 style
size 7
 COLOR 255 128 0
 SYMBOL "stern"
 end
 LABEL
 COLOR 132 31 31
 SHADOWCOLOR 218 218 218
 SHADOWSIZE 2 2
 TYPE TRUETYPE
 FONT arial
 SIZE 8
 ANTIALIAS TRUE
 POSITION CL
 PARTIALS true
 FORCE TRUE
 MINDISTANCE 80
 BUFFER 4
 END # end of label
 END
 CLASS
 EXPRESSION ("[tipo]" == "CAPITAL DE PROVINCIA")
 style
size 7
 COLOR 255 128 0
 SYMBOL "achteck"
 end
 LABEL
 COLOR 132 31 31
 SHADOWCOLOR 218 218 218
 SHADOWSIZE 2 2
 TYPE TRUETYPE
 FONT arial
 SIZE 8
 ANTIALIAS TRUE
 POSITION CL
 PARTIALS true
 PARTIALS true
 MINDISTANCE 80
 BUFFER 4
 END # end of label
 END
 END
#-----------------------------------------------------------------------------------------------------------
 LAYER
 CONNECTIONTYPE postgis
 NAME "hidrografia"
 CONNECTION "user=postgres dbname=patoGis host=localhost password=atlas"
 DATA "the_geom from hidrografia"
 STATUS ON
 TYPE line
 # Of the lines in the extents, only render the wide highways
 # FILTER "type = 'highway' and numlanes >= 4"
 CLASS
  COLOR 128 128 255 
 END
 END
#-----------------------------------------------------------------------------------------------------------
 LAYER
 CONNECTIONTYPE postgis
 NAME "clima"
 CONNECTION "user=postgres dbname=patoGis host=localhost password=atlas"
 DATA "the_geom from clima"
 STATUS ON
 TYPE polygon
CLASS
 STYLE
 SYMBOL "lleno"
 SIZE 8
 COLOR 0 255 0
 OUTLINECOLOR 0 0 0
 END
 END
 END
#-----------------------------------------------------------------------------------------------------------
 LAYER
 CONNECTIONTYPE postgis
 NAME "vegetacion"
 CONNECTION "user=postgres dbname=patoGis host=localhost password=atlas"
 DATA "the_geom from vegetacion"
 STATUS ON
 TYPE polygon
CLASS
 STYLE
 SYMBOL "lleno"
 SIZE 8
 COLOR 0 255 255
 OUTLINECOLOR 0 0 0
 END
 END
 END
#-----------------------------------------------------------------------------------------------------------
 LAYER
 CONNECTIONTYPE postgis
 NAME "lagunas"
 LABELITEM "nombre"
 CONNECTION "user=postgres dbname=patoGis host=localhost password=atlas"
 DATA "coordenadas from (select cl.id, cl.coordenadas coordenadas, g.nombre from coordenadasLaguna cl, ubicacion g where g.id=cl.id) as subquery using unique id"
 STATUS ON
 TYPE POINT
 CLASS
 style
 size 8
 SYMBOL "haus"
 end
 COLOR 255 0 255
 LABEL
 COLOR 31 31 31
 SHADOWCOLOR 218 218 218
 SHADOWSIZE 2 2
 TYPE TRUETYPE
 FONT arial
 SIZE 8
 ANTIALIAS TRUE
 POSITION CL
 PARTIALS true
 MINDISTANCE 80
 BUFFER 4
 END # end of label
 END
 END
#-----------------------------------------------------------------------------------------------------------


END

